summary 0 -- score -101.227486
The really neat thing about this is that the third party firmware are very powerful and add many more features to the WRT54G that are not there but should be The new hardware version does not run Linux at all and most likely will not since the memory has been cut in half 
The box proudly displays SecureEasySetup (TM) Wireless Made Simple One Touch Setup Button Easy Start Easy Security Easy Everyday   Apparently Linksys/Cisco knows that ease of setup is crucial 
It constantly drops the internet connection and simple things like WALLS in our house block the link so everything is very slow  
I then tried to set up the router through Linksyss browser interface but as the only instructions available tell you to use the installation CD I had little luck - I did manage to connect briefly but the connection kept dropping and with no idea of how to resolve THAT issue I gave up   
The transmission speed is also quite good with pages loading very quickly  
Coverage in my 2-floor brick-walled house was poor and erratic 
It is a good place for new users who want to feel safe and they do provide a good measure of safety but they are not the total answer  
True you dont need more than an access point and a wired one at that to use as a protective firewall  
there are instructions to encrypt your personal wirless network so no one else can end up hogging/stealing your bandwidth 
As Id just purchased a new computer with a Wireless G adapter I figured Id upgrade the router as well and set it up as its supposed to be  

